Archive member included to satisfy reference by file (symbol)

../lcd_controller_bsp/\libhal_bsp.a(alt_load.o)
                              ../lcd_controller_bsp//obj/HAL/src/crt0.o (alt_load)
../lcd_controller_bsp/\libhal_bsp.a(alt_main.o)
                              ../lcd_controller_bsp//obj/HAL/src/crt0.o (alt_main)
../lcd_controller_bsp/\libhal_bsp.a(alt_usleep.o)
                              obj/default/hello_world_small.o (usleep)
../lcd_controller_bsp/\libhal_bsp.a(alt_sys_init.o)
                              ../lcd_controller_bsp/\libhal_bsp.a(alt_main.o) (alt_irq_init)
../lcd_controller_bsp/\libhal_bsp.a(alt_busy_sleep.o)
                              ../lcd_controller_bsp/\libhal_bsp.a(alt_usleep.o) (alt_busy_sleep)
../lcd_controller_bsp/\libhal_bsp.a(alt_dcache_flush_all.o)
                              ../lcd_controller_bsp/\libhal_bsp.a(alt_load.o) (alt_dcache_flush_all)
../lcd_controller_bsp/\libhal_bsp.a(alt_icache_flush_all.o)
                              ../lcd_controller_bsp/\libhal_bsp.a(alt_load.o) (alt_icache_flush_all)
../lcd_controller_bsp/\libhal_bsp.a(altera_nios2_gen2_irq.o)
                              ../lcd_controller_bsp/\libhal_bsp.a(alt_sys_init.o) (altera_nios2_gen2_irq_init)
c:/intelfpga_lite/18.1/nios2eds/bin/gnu/h-x86_64-mingw32/bin/../lib/gcc/nios2-elf/5.3.0/mno-hw-mul\libgcc.a(lib2-divmod.o)
                              ../lcd_controller_bsp/\libhal_bsp.a(alt_busy_sleep.o) (__udivsi3)
c:/intelfpga_lite/18.1/nios2eds/bin/gnu/h-x86_64-mingw32/bin/../lib/gcc/nios2-elf/5.3.0/mno-hw-mul\libgcc.a(lib2-mul.o)
                              ../lcd_controller_bsp/\libhal_bsp.a(alt_busy_sleep.o) (__mulsi3)

Memory Configuration

Name             Origin             Length             Attributes
reset            0x0000000000010000 0x0000000000000020
main_memory      0x0000000000010020 0x0000000000009c80
*default*        0x0000000000000000 0xffffffffffffffff

Linker script and memory map

LOAD ../lcd_controller_bsp//obj/HAL/src/crt0.o
LOAD obj/default/hello_world_small.o
LOAD c:/intelfpga_lite/18.1/nios2eds/bin/gnu/h-x86_64-mingw32/bin/../lib/gcc/nios2-elf/5.3.0/../../../../../H-x86_64-mingw32/nios2-elf/lib/mno-hw-mul\libstdc++.a
LOAD c:/intelfpga_lite/18.1/nios2eds/bin/gnu/h-x86_64-mingw32/bin/../lib/gcc/nios2-elf/5.3.0/../../../../../H-x86_64-mingw32/nios2-elf/lib/mno-hw-mul\libm.a
LOAD c:/intelfpga_lite/18.1/nios2eds/bin/gnu/h-x86_64-mingw32/bin/../lib/gcc/nios2-elf/5.3.0/mno-hw-mul\libgcc.a
START GROUP
LOAD c:/intelfpga_lite/18.1/nios2eds/bin/gnu/h-x86_64-mingw32/bin/../lib/gcc/nios2-elf/5.3.0/../../../../../H-x86_64-mingw32/nios2-elf/lib/mno-hw-mul\libsmallc.a
LOAD c:/intelfpga_lite/18.1/nios2eds/bin/gnu/h-x86_64-mingw32/bin/../lib/gcc/nios2-elf/5.3.0/mno-hw-mul\libgcc.a
LOAD ../lcd_controller_bsp/\libhal_bsp.a
LOAD c:/intelfpga_lite/18.1/nios2eds/bin/gnu/h-x86_64-mingw32/bin/../lib/gcc/nios2-elf/5.3.0/../../../../../H-x86_64-mingw32/nios2-elf/lib/mno-hw-mul\libm.a
END GROUP
LOAD c:/intelfpga_lite/18.1/nios2eds/bin/gnu/h-x86_64-mingw32/bin/../lib/gcc/nios2-elf/5.3.0/mno-hw-mul\libgcc.a
                0x0000000000010000                __alt_mem_main_memory = 0x10000

.entry          0x0000000000010000       0x20
 *(.entry)
 .entry         0x0000000000010000       0x20 ../lcd_controller_bsp//obj/HAL/src/crt0.o
                0x0000000000010000                __reset
                0x000000000001000c                _exit

.exceptions     0x0000000000010020        0x0
                0x0000000000010020                PROVIDE (__ram_exceptions_start, ABSOLUTE (.))
                0x0000000000010020                . = ALIGN (0x20)
 *(.irq)
 *(.exceptions.entry.label)
 *(.exceptions.entry.user)
 *(.exceptions.entry.ecc_fatal)
 *(.exceptions.entry)
 *(.exceptions.irqtest.user)
 *(.exceptions.irqtest)
 *(.exceptions.irqhandler.user)
 *(.exceptions.irqhandler)
 *(.exceptions.irqreturn.user)
 *(.exceptions.irqreturn)
 *(.exceptions.notirq.label)
 *(.exceptions.notirq.user)
 *(.exceptions.notirq)
 *(.exceptions.soft.user)
 *(.exceptions.soft)
 *(.exceptions.unknown.user)
 *(.exceptions.unknown)
 *(.exceptions.exit.label)
 *(.exceptions.exit.user)
 *(.exceptions.exit)
 *(.exceptions)
                0x0000000000010020                PROVIDE (__ram_exceptions_end, ABSOLUTE (.))
                0x0000000000010020                PROVIDE (__flash_exceptions_start, LOADADDR (.exceptions))

.text           0x0000000000010020      0x748
                [!provide]                        PROVIDE (stext, ABSOLUTE (.))
 *(.interp)
 *(.hash)
 *(.dynsym)
 *(.dynstr)
 *(.gnu.version)
 *(.gnu.version_d)
 *(.gnu.version_r)
 *(.rel.init)
 *(.rela.init)
 *(.rel.text .rel.text.* .rel.gnu.linkonce.t.*)
 *(.rela.text .rela.text.* .rela.gnu.linkonce.t.*)
 *(.rel.fini)
 *(.rela.fini)
 *(.rel.rodata .rel.rodata.* .rel.gnu.linkonce.r.*)
 *(.rela.rodata .rela.rodata.* .rela.gnu.linkonce.r.*)
 *(.rel.data .rel.data.* .rel.gnu.linkonce.d.*)
 *(.rela.data .rela.data.* .rela.gnu.linkonce.d.*)
 *(.rel.tdata .rel.tdata.* .rel.gnu.linkonce.td.*)
 *(.rela.tdata .rela.tdata.* .rela.gnu.linkonce.td.*)
 *(.rel.tbss .rel.tbss.* .rel.gnu.linkonce.tb.*)
 *(.rela.tbss .rela.tbss.* .rela.gnu.linkonce.tb.*)
 *(.rel.ctors)
 *(.rela.ctors)
 *(.rel.dtors)
 *(.rela.dtors)
 *(.rel.got)
 *(.rela.got)
 *(.rel.sdata .rel.sdata.* .rel.gnu.linkonce.s.*)
 *(.rela.sdata .rela.sdata.* .rela.gnu.linkonce.s.*)
 *(.rel.sbss .rel.sbss.* .rel.gnu.linkonce.sb.*)
 *(.rela.sbss .rela.sbss.* .rela.gnu.linkonce.sb.*)
 *(.rel.sdata2 .rel.sdata2.* .rel.gnu.linkonce.s2.*)
 *(.rela.sdata2 .rela.sdata2.* .rela.gnu.linkonce.s2.*)
 *(.rel.sbss2 .rel.sbss2.* .rel.gnu.linkonce.sb2.*)
 *(.rela.sbss2 .rela.sbss2.* .rela.gnu.linkonce.sb2.*)
 *(.rel.bss .rel.bss.* .rel.gnu.linkonce.b.*)
 *(.rela.bss .rela.bss.* .rela.gnu.linkonce.b.*)
 *(.rel.plt)
 *(.rela.plt)
 *(.rel.dyn)
 *(.init)
 *(.plt)
 *(.text .stub .text.* .gnu.linkonce.t.*)
 .text          0x0000000000010020       0x3c ../lcd_controller_bsp//obj/HAL/src/crt0.o
                0x0000000000010020                _start
 .text          0x000000000001005c      0x2c8 obj/default/hello_world_small.o
                0x000000000001005c                initializeDisplayViaHardware
                0x00000000000100c0                initializeDisplayViaSoftware
                0x0000000000010190                nextOption
                0x00000000000101a8                previousOption
                0x00000000000101bc                writeWord
                0x0000000000010238                showOption
                0x0000000000010290                exitOption
                0x0000000000010294                enterOption
                0x00000000000102ec                clearScreen
 .text.startup  0x0000000000010324       0x9c obj/default/hello_world_small.o
                0x0000000000010324                main
 .text          0x00000000000103c0       0xe0 ../lcd_controller_bsp/\libhal_bsp.a(alt_load.o)
                0x00000000000103c0                alt_load
 .text          0x00000000000104a0       0x2c ../lcd_controller_bsp/\libhal_bsp.a(alt_main.o)
                0x00000000000104a0                alt_main
 .text          0x00000000000104cc        0x4 ../lcd_controller_bsp/\libhal_bsp.a(alt_usleep.o)
                0x00000000000104cc                usleep
 .text          0x00000000000104d0       0x24 ../lcd_controller_bsp/\libhal_bsp.a(alt_sys_init.o)
                0x00000000000104d0                alt_irq_init
                0x00000000000104f0                alt_sys_init
 .text          0x00000000000104f4       0x88 ../lcd_controller_bsp/\libhal_bsp.a(alt_busy_sleep.o)
                0x00000000000104f4                alt_busy_sleep
 .text          0x000000000001057c        0x4 ../lcd_controller_bsp/\libhal_bsp.a(alt_dcache_flush_all.o)
                0x000000000001057c                alt_dcache_flush_all
 .text          0x0000000000010580        0x4 ../lcd_controller_bsp/\libhal_bsp.a(alt_icache_flush_all.o)
                0x0000000000010580                alt_icache_flush_all
 .text          0x0000000000010584        0x8 ../lcd_controller_bsp/\libhal_bsp.a(altera_nios2_gen2_irq.o)
                0x0000000000010584                altera_nios2_gen2_irq_init
 .text          0x000000000001058c      0x1b4 c:/intelfpga_lite/18.1/nios2eds/bin/gnu/h-x86_64-mingw32/bin/../lib/gcc/nios2-elf/5.3.0/mno-hw-mul\libgcc.a(lib2-divmod.o)
                0x000000000001058c                __divsi3
                0x0000000000010610                __modsi3
                0x0000000000010684                __udivsi3
                0x00000000000106e8                __umodsi3
 .text          0x0000000000010740       0x28 c:/intelfpga_lite/18.1/nios2eds/bin/gnu/h-x86_64-mingw32/bin/../lib/gcc/nios2-elf/5.3.0/mno-hw-mul\libgcc.a(lib2-mul.o)
                0x0000000000010740                __mulsi3
 *(.gnu.warning.*)
 *(.fini)
                [!provide]                        PROVIDE (__etext, ABSOLUTE (.))
                [!provide]                        PROVIDE (_etext, ABSOLUTE (.))
                [!provide]                        PROVIDE (etext, ABSOLUTE (.))
 *(.eh_frame_hdr)
                0x0000000000010768                . = ALIGN (0x4)
                [!provide]                        PROVIDE (__preinit_array_start, ABSOLUTE (.))
 *(.preinit_array)
                [!provide]                        PROVIDE (__preinit_array_end, ABSOLUTE (.))
                [!provide]                        PROVIDE (__init_array_start, ABSOLUTE (.))
 *(.init_array)
                [!provide]                        PROVIDE (__init_array_end, ABSOLUTE (.))
                [!provide]                        PROVIDE (__fini_array_start, ABSOLUTE (.))
 *(.fini_array)
                [!provide]                        PROVIDE (__fini_array_end, ABSOLUTE (.))
 *(.eh_frame)
 *(.gcc_except_table .gcc_except_table.*)
 *(.dynamic)
                [!provide]                        PROVIDE (__CTOR_LIST__, ABSOLUTE (.))
 *(.ctors)
 *(SORT(.ctors.*))
                [!provide]                        PROVIDE (__CTOR_END__, ABSOLUTE (.))
                [!provide]                        PROVIDE (__DTOR_LIST__, ABSOLUTE (.))
 *(.dtors)
 *(SORT(.dtors.*))
                [!provide]                        PROVIDE (__DTOR_END__, ABSOLUTE (.))
 *(.jcr)
                0x0000000000010768                . = ALIGN (0x4)

.rodata         0x0000000000010768       0x64
                0x0000000000010768                PROVIDE (__ram_rodata_start, ABSOLUTE (.))
                0x0000000000010768                . = ALIGN (0x4)
 *(.rodata .rodata.* .gnu.linkonce.r.*)
 .rodata.str1.4
                0x0000000000010768       0x64 obj/default/hello_world_small.o
                                         0x63 (size before relaxing)
 *(.rodata1)
                0x00000000000107cc                . = ALIGN (0x4)
                0x00000000000107cc                PROVIDE (__ram_rodata_end, ABSOLUTE (.))
                0x0000000000010768                PROVIDE (__flash_rodata_start, LOADADDR (.rodata))

.rwdata         0x00000000000107cc        0x0
                0x00000000000107cc                PROVIDE (__ram_rwdata_start, ABSOLUTE (.))
                0x00000000000107cc                . = ALIGN (0x4)
 *(.got.plt)
 *(.got)
 *(.data1)
 *(.data .data.* .gnu.linkonce.d.*)
 .data          0x00000000000107cc        0x0 ../lcd_controller_bsp//obj/HAL/src/crt0.o
 .data          0x00000000000107cc        0x0 obj/default/hello_world_small.o
 .data          0x00000000000107cc        0x0 ../lcd_controller_bsp/\libhal_bsp.a(alt_load.o)
 .data          0x00000000000107cc        0x0 ../lcd_controller_bsp/\libhal_bsp.a(alt_main.o)
 .data          0x00000000000107cc        0x0 ../lcd_controller_bsp/\libhal_bsp.a(alt_usleep.o)
 .data          0x00000000000107cc        0x0 ../lcd_controller_bsp/\libhal_bsp.a(alt_sys_init.o)
 .data          0x00000000000107cc        0x0 ../lcd_controller_bsp/\libhal_bsp.a(alt_busy_sleep.o)
 .data          0x00000000000107cc        0x0 ../lcd_controller_bsp/\libhal_bsp.a(alt_dcache_flush_all.o)
 .data          0x00000000000107cc        0x0 ../lcd_controller_bsp/\libhal_bsp.a(alt_icache_flush_all.o)
 .data          0x00000000000107cc        0x0 ../lcd_controller_bsp/\libhal_bsp.a(altera_nios2_gen2_irq.o)
 .data          0x00000000000107cc        0x0 c:/intelfpga_lite/18.1/nios2eds/bin/gnu/h-x86_64-mingw32/bin/../lib/gcc/nios2-elf/5.3.0/mno-hw-mul\libgcc.a(lib2-divmod.o)
 .data          0x00000000000107cc        0x0 c:/intelfpga_lite/18.1/nios2eds/bin/gnu/h-x86_64-mingw32/bin/../lib/gcc/nios2-elf/5.3.0/mno-hw-mul\libgcc.a(lib2-mul.o)
                0x00000000000187cc                _gp = ABSOLUTE ((. + 0x8000))
                [!provide]                        PROVIDE (gp, _gp)
 *(.rwdata .rwdata.*)
 *(.sdata .sdata.* .gnu.linkonce.s.*)
 *(.sdata2 .sdata2.* .gnu.linkonce.s2.*)
                0x00000000000107cc                . = ALIGN (0x4)
                0x00000000000107cc                _edata = ABSOLUTE (.)
                [!provide]                        PROVIDE (edata, ABSOLUTE (.))
                0x00000000000107cc                PROVIDE (__ram_rwdata_end, ABSOLUTE (.))
                0x00000000000107cc                PROVIDE (__flash_rwdata_start, LOADADDR (.rwdata))

.bss            0x00000000000107cc        0xc
                0x00000000000107cc                __bss_start = ABSOLUTE (.)
                [!provide]                        PROVIDE (__sbss_start, ABSOLUTE (.))
                [!provide]                        PROVIDE (___sbss_start, ABSOLUTE (.))
 *(.dynsbss)
 *(.sbss .sbss.* .gnu.linkonce.sb.*)
 .sbss          0x00000000000107cc        0xc ../lcd_controller_bsp/\libhal_bsp.a(alt_main.o)
                0x00000000000107cc                alt_envp
                0x00000000000107d0                alt_argv
                0x00000000000107d4                alt_argc
 *(.sbss2 .sbss2.* .gnu.linkonce.sb2.*)
 *(.scommon)
                [!provide]                        PROVIDE (__sbss_end, ABSOLUTE (.))
                [!provide]                        PROVIDE (___sbss_end, ABSOLUTE (.))
 *(.dynbss)
 *(.bss .bss.* .gnu.linkonce.b.*)
 .bss           0x00000000000107d8        0x0 ../lcd_controller_bsp//obj/HAL/src/crt0.o
 .bss           0x00000000000107d8        0x0 obj/default/hello_world_small.o
 .bss           0x00000000000107d8        0x0 ../lcd_controller_bsp/\libhal_bsp.a(alt_load.o)
 .bss           0x00000000000107d8        0x0 ../lcd_controller_bsp/\libhal_bsp.a(alt_main.o)
 .bss           0x00000000000107d8        0x0 ../lcd_controller_bsp/\libhal_bsp.a(alt_usleep.o)
 .bss           0x00000000000107d8        0x0 ../lcd_controller_bsp/\libhal_bsp.a(alt_sys_init.o)
 .bss           0x00000000000107d8        0x0 ../lcd_controller_bsp/\libhal_bsp.a(alt_busy_sleep.o)
 .bss           0x00000000000107d8        0x0 ../lcd_controller_bsp/\libhal_bsp.a(alt_dcache_flush_all.o)
 .bss           0x00000000000107d8        0x0 ../lcd_controller_bsp/\libhal_bsp.a(alt_icache_flush_all.o)
 .bss           0x00000000000107d8        0x0 ../lcd_controller_bsp/\libhal_bsp.a(altera_nios2_gen2_irq.o)
 .bss           0x00000000000107d8        0x0 c:/intelfpga_lite/18.1/nios2eds/bin/gnu/h-x86_64-mingw32/bin/../lib/gcc/nios2-elf/5.3.0/mno-hw-mul\libgcc.a(lib2-divmod.o)
 .bss           0x00000000000107d8        0x0 c:/intelfpga_lite/18.1/nios2eds/bin/gnu/h-x86_64-mingw32/bin/../lib/gcc/nios2-elf/5.3.0/mno-hw-mul\libgcc.a(lib2-mul.o)
 *(COMMON)
                0x00000000000107d8                . = ALIGN (0x4)
                0x00000000000107d8                __bss_end = ABSOLUTE (.)

.main_memory    0x00000000000107d8        0x0
                [!provide]                        PROVIDE (_alt_partition_main_memory_start, ABSOLUTE (.))
 *(.main_memory .main_memory. main_memory.*)
                0x00000000000107d8                . = ALIGN (0x4)
                [!provide]                        PROVIDE (_alt_partition_main_memory_end, ABSOLUTE (.))
                0x00000000000107d8                _end = ABSOLUTE (.)
                0x00000000000107d8                end = ABSOLUTE (.)
                0x00000000000107d8                __alt_stack_base = ABSOLUTE (.)
                [!provide]                        PROVIDE (_alt_partition_main_memory_load_addr, LOADADDR (.main_memory))

.stab
 *(.stab)

.stabstr
 *(.stabstr)

.stab.excl
 *(.stab.excl)

.stab.exclstr
 *(.stab.exclstr)

.stab.index
 *(.stab.index)

.stab.indexstr
 *(.stab.indexstr)

.comment        0x0000000000000000       0x23
 *(.comment)
 .comment       0x0000000000000000       0x23 obj/default/hello_world_small.o
                                         0x24 (size before relaxing)
 .comment       0x0000000000000023       0x24 ../lcd_controller_bsp/\libhal_bsp.a(alt_load.o)
 .comment       0x0000000000000023       0x24 ../lcd_controller_bsp/\libhal_bsp.a(alt_main.o)
 .comment       0x0000000000000023       0x24 ../lcd_controller_bsp/\libhal_bsp.a(alt_usleep.o)
 .comment       0x0000000000000023       0x24 ../lcd_controller_bsp/\libhal_bsp.a(alt_sys_init.o)
 .comment       0x0000000000000023       0x24 ../lcd_controller_bsp/\libhal_bsp.a(alt_busy_sleep.o)
 .comment       0x0000000000000023       0x24 ../lcd_controller_bsp/\libhal_bsp.a(alt_dcache_flush_all.o)
 .comment       0x0000000000000023       0x24 ../lcd_controller_bsp/\libhal_bsp.a(alt_icache_flush_all.o)
 .comment       0x0000000000000023       0x24 ../lcd_controller_bsp/\libhal_bsp.a(altera_nios2_gen2_irq.o)
 .comment       0x0000000000000023       0x24 c:/intelfpga_lite/18.1/nios2eds/bin/gnu/h-x86_64-mingw32/bin/../lib/gcc/nios2-elf/5.3.0/mno-hw-mul\libgcc.a(lib2-divmod.o)
 .comment       0x0000000000000023       0x24 c:/intelfpga_lite/18.1/nios2eds/bin/gnu/h-x86_64-mingw32/bin/../lib/gcc/nios2-elf/5.3.0/mno-hw-mul\libgcc.a(lib2-mul.o)

.debug
 *(.debug)

.line
 *(.line)

.debug_srcinfo
 *(.debug_srcinfo)

.debug_sfnames
 *(.debug_sfnames)

.debug_aranges  0x0000000000000000      0x190
 *(.debug_aranges)
 .debug_aranges
                0x0000000000000000       0x28 ../lcd_controller_bsp//obj/HAL/src/crt0.o
 .debug_aranges
                0x0000000000000028       0x28 obj/default/hello_world_small.o
 .debug_aranges
                0x0000000000000050       0x20 ../lcd_controller_bsp/\libhal_bsp.a(alt_load.o)
 .debug_aranges
                0x0000000000000070       0x20 ../lcd_controller_bsp/\libhal_bsp.a(alt_main.o)
 .debug_aranges
                0x0000000000000090       0x20 ../lcd_controller_bsp/\libhal_bsp.a(alt_usleep.o)
 .debug_aranges
                0x00000000000000b0       0x20 ../lcd_controller_bsp/\libhal_bsp.a(alt_sys_init.o)
 .debug_aranges
                0x00000000000000d0       0x20 ../lcd_controller_bsp/\libhal_bsp.a(alt_busy_sleep.o)
 .debug_aranges
                0x00000000000000f0       0x20 ../lcd_controller_bsp/\libhal_bsp.a(alt_dcache_flush_all.o)
 .debug_aranges
                0x0000000000000110       0x20 ../lcd_controller_bsp/\libhal_bsp.a(alt_icache_flush_all.o)
 .debug_aranges
                0x0000000000000130       0x20 ../lcd_controller_bsp/\libhal_bsp.a(altera_nios2_gen2_irq.o)
 .debug_aranges
                0x0000000000000150       0x20 c:/intelfpga_lite/18.1/nios2eds/bin/gnu/h-x86_64-mingw32/bin/../lib/gcc/nios2-elf/5.3.0/mno-hw-mul\libgcc.a(lib2-divmod.o)
 .debug_aranges
                0x0000000000000170       0x20 c:/intelfpga_lite/18.1/nios2eds/bin/gnu/h-x86_64-mingw32/bin/../lib/gcc/nios2-elf/5.3.0/mno-hw-mul\libgcc.a(lib2-mul.o)

.debug_pubnames
 *(.debug_pubnames)

.debug_info     0x0000000000000000     0x107e
 *(.debug_info .gnu.linkonce.wi.*)
 .debug_info    0x0000000000000000       0x7e ../lcd_controller_bsp//obj/HAL/src/crt0.o
 .debug_info    0x000000000000007e      0x49a obj/default/hello_world_small.o
 .debug_info    0x0000000000000518      0x1c9 ../lcd_controller_bsp/\libhal_bsp.a(alt_load.o)
 .debug_info    0x00000000000006e1      0x18f ../lcd_controller_bsp/\libhal_bsp.a(alt_main.o)
 .debug_info    0x0000000000000870       0xd1 ../lcd_controller_bsp/\libhal_bsp.a(alt_usleep.o)
 .debug_info    0x0000000000000941      0x10f ../lcd_controller_bsp/\libhal_bsp.a(alt_sys_init.o)
 .debug_info    0x0000000000000a50       0xd8 ../lcd_controller_bsp/\libhal_bsp.a(alt_busy_sleep.o)
 .debug_info    0x0000000000000b28       0x92 ../lcd_controller_bsp/\libhal_bsp.a(alt_dcache_flush_all.o)
 .debug_info    0x0000000000000bba       0x92 ../lcd_controller_bsp/\libhal_bsp.a(alt_icache_flush_all.o)
 .debug_info    0x0000000000000c4c       0xb8 ../lcd_controller_bsp/\libhal_bsp.a(altera_nios2_gen2_irq.o)
 .debug_info    0x0000000000000d04      0x2c6 c:/intelfpga_lite/18.1/nios2eds/bin/gnu/h-x86_64-mingw32/bin/../lib/gcc/nios2-elf/5.3.0/mno-hw-mul\libgcc.a(lib2-divmod.o)
 .debug_info    0x0000000000000fca       0xb4 c:/intelfpga_lite/18.1/nios2eds/bin/gnu/h-x86_64-mingw32/bin/../lib/gcc/nios2-elf/5.3.0/mno-hw-mul\libgcc.a(lib2-mul.o)

.debug_abbrev   0x0000000000000000      0x82f
 *(.debug_abbrev)
 .debug_abbrev  0x0000000000000000       0x12 ../lcd_controller_bsp//obj/HAL/src/crt0.o
 .debug_abbrev  0x0000000000000012      0x1f6 obj/default/hello_world_small.o
 .debug_abbrev  0x0000000000000208       0xd8 ../lcd_controller_bsp/\libhal_bsp.a(alt_load.o)
 .debug_abbrev  0x00000000000002e0       0xf5 ../lcd_controller_bsp/\libhal_bsp.a(alt_main.o)
 .debug_abbrev  0x00000000000003d5       0x8d ../lcd_controller_bsp/\libhal_bsp.a(alt_usleep.o)
 .debug_abbrev  0x0000000000000462       0xd8 ../lcd_controller_bsp/\libhal_bsp.a(alt_sys_init.o)
 .debug_abbrev  0x000000000000053a       0x8d ../lcd_controller_bsp/\libhal_bsp.a(alt_busy_sleep.o)
 .debug_abbrev  0x00000000000005c7       0x42 ../lcd_controller_bsp/\libhal_bsp.a(alt_dcache_flush_all.o)
 .debug_abbrev  0x0000000000000609       0x42 ../lcd_controller_bsp/\libhal_bsp.a(alt_icache_flush_all.o)
 .debug_abbrev  0x000000000000064b       0x67 ../lcd_controller_bsp/\libhal_bsp.a(altera_nios2_gen2_irq.o)
 .debug_abbrev  0x00000000000006b2      0x10e c:/intelfpga_lite/18.1/nios2eds/bin/gnu/h-x86_64-mingw32/bin/../lib/gcc/nios2-elf/5.3.0/mno-hw-mul\libgcc.a(lib2-divmod.o)
 .debug_abbrev  0x00000000000007c0       0x6f c:/intelfpga_lite/18.1/nios2eds/bin/gnu/h-x86_64-mingw32/bin/../lib/gcc/nios2-elf/5.3.0/mno-hw-mul\libgcc.a(lib2-mul.o)

.debug_line     0x0000000000000000      0x852
 *(.debug_line)
 .debug_line    0x0000000000000000       0x66 ../lcd_controller_bsp//obj/HAL/src/crt0.o
 .debug_line    0x0000000000000066      0x16e obj/default/hello_world_small.o
 .debug_line    0x00000000000001d4       0xa4 ../lcd_controller_bsp/\libhal_bsp.a(alt_load.o)
 .debug_line    0x0000000000000278       0xea ../lcd_controller_bsp/\libhal_bsp.a(alt_main.o)
 .debug_line    0x0000000000000362       0xcf ../lcd_controller_bsp/\libhal_bsp.a(alt_usleep.o)
 .debug_line    0x0000000000000431       0xbf ../lcd_controller_bsp/\libhal_bsp.a(alt_sys_init.o)
 .debug_line    0x00000000000004f0       0xb5 ../lcd_controller_bsp/\libhal_bsp.a(alt_busy_sleep.o)
 .debug_line    0x00000000000005a5       0x4e ../lcd_controller_bsp/\libhal_bsp.a(alt_dcache_flush_all.o)
 .debug_line    0x00000000000005f3       0x4e ../lcd_controller_bsp/\libhal_bsp.a(alt_icache_flush_all.o)
 .debug_line    0x0000000000000641       0x8c ../lcd_controller_bsp/\libhal_bsp.a(altera_nios2_gen2_irq.o)
 .debug_line    0x00000000000006cd      0x105 c:/intelfpga_lite/18.1/nios2eds/bin/gnu/h-x86_64-mingw32/bin/../lib/gcc/nios2-elf/5.3.0/mno-hw-mul\libgcc.a(lib2-divmod.o)
 .debug_line    0x00000000000007d2       0x80 c:/intelfpga_lite/18.1/nios2eds/bin/gnu/h-x86_64-mingw32/bin/../lib/gcc/nios2-elf/5.3.0/mno-hw-mul\libgcc.a(lib2-mul.o)

.debug_frame    0x0000000000000000      0x2e8
 *(.debug_frame)
 .debug_frame   0x0000000000000000      0x130 obj/default/hello_world_small.o
 .debug_frame   0x0000000000000130       0x30 ../lcd_controller_bsp/\libhal_bsp.a(alt_load.o)
 .debug_frame   0x0000000000000160       0x2c ../lcd_controller_bsp/\libhal_bsp.a(alt_main.o)
 .debug_frame   0x000000000000018c       0x20 ../lcd_controller_bsp/\libhal_bsp.a(alt_usleep.o)
 .debug_frame   0x00000000000001ac       0x3c ../lcd_controller_bsp/\libhal_bsp.a(alt_sys_init.o)
 .debug_frame   0x00000000000001e8       0x30 ../lcd_controller_bsp/\libhal_bsp.a(alt_busy_sleep.o)
 .debug_frame   0x0000000000000218       0x20 ../lcd_controller_bsp/\libhal_bsp.a(alt_dcache_flush_all.o)
 .debug_frame   0x0000000000000238       0x20 ../lcd_controller_bsp/\libhal_bsp.a(alt_icache_flush_all.o)
 .debug_frame   0x0000000000000258       0x20 ../lcd_controller_bsp/\libhal_bsp.a(altera_nios2_gen2_irq.o)
 .debug_frame   0x0000000000000278       0x50 c:/intelfpga_lite/18.1/nios2eds/bin/gnu/h-x86_64-mingw32/bin/../lib/gcc/nios2-elf/5.3.0/mno-hw-mul\libgcc.a(lib2-divmod.o)
 .debug_frame   0x00000000000002c8       0x20 c:/intelfpga_lite/18.1/nios2eds/bin/gnu/h-x86_64-mingw32/bin/../lib/gcc/nios2-elf/5.3.0/mno-hw-mul\libgcc.a(lib2-mul.o)

.debug_str      0x0000000000000000      0x6f2
 *(.debug_str)
 .debug_str     0x0000000000000000      0x1b5 obj/default/hello_world_small.o
                                        0x1f3 (size before relaxing)
 .debug_str     0x00000000000001b5      0x16f ../lcd_controller_bsp/\libhal_bsp.a(alt_load.o)
                                        0x256 (size before relaxing)
 .debug_str     0x0000000000000324       0xfa ../lcd_controller_bsp/\libhal_bsp.a(alt_main.o)
                                        0x1ee (size before relaxing)
 .debug_str     0x000000000000041e       0x2f ../lcd_controller_bsp/\libhal_bsp.a(alt_usleep.o)
                                        0x171 (size before relaxing)
 .debug_str     0x000000000000044d       0x4d ../lcd_controller_bsp/\libhal_bsp.a(alt_sys_init.o)
                                        0x1c1 (size before relaxing)
 .debug_str     0x000000000000049a       0x33 ../lcd_controller_bsp/\libhal_bsp.a(alt_busy_sleep.o)
                                        0x17b (size before relaxing)
 .debug_str     0x00000000000004cd       0x1f ../lcd_controller_bsp/\libhal_bsp.a(alt_dcache_flush_all.o)
                                        0x165 (size before relaxing)
 .debug_str     0x00000000000004ec       0x1f ../lcd_controller_bsp/\libhal_bsp.a(alt_icache_flush_all.o)
                                        0x165 (size before relaxing)
 .debug_str     0x000000000000050b       0x20 ../lcd_controller_bsp/\libhal_bsp.a(altera_nios2_gen2_irq.o)
                                        0x195 (size before relaxing)
 .debug_str     0x000000000000052b      0x187 c:/intelfpga_lite/18.1/nios2eds/bin/gnu/h-x86_64-mingw32/bin/../lib/gcc/nios2-elf/5.3.0/mno-hw-mul\libgcc.a(lib2-divmod.o)
                                        0x1d2 (size before relaxing)
 .debug_str     0x00000000000006b2       0x40 c:/intelfpga_lite/18.1/nios2eds/bin/gnu/h-x86_64-mingw32/bin/../lib/gcc/nios2-elf/5.3.0/mno-hw-mul\libgcc.a(lib2-mul.o)
                                        0x193 (size before relaxing)

.debug_loc      0x0000000000000000      0x7a4
 *(.debug_loc)
 .debug_loc     0x0000000000000000      0x19a obj/default/hello_world_small.o
 .debug_loc     0x000000000000019a       0x21 ../lcd_controller_bsp/\libhal_bsp.a(alt_usleep.o)
 .debug_loc     0x00000000000001bb       0x21 ../lcd_controller_bsp/\libhal_bsp.a(alt_sys_init.o)
 .debug_loc     0x00000000000001dc       0x67 ../lcd_controller_bsp/\libhal_bsp.a(alt_busy_sleep.o)
 .debug_loc     0x0000000000000243      0x4ce c:/intelfpga_lite/18.1/nios2eds/bin/gnu/h-x86_64-mingw32/bin/../lib/gcc/nios2-elf/5.3.0/mno-hw-mul\libgcc.a(lib2-divmod.o)
 .debug_loc     0x0000000000000711       0x93 c:/intelfpga_lite/18.1/nios2eds/bin/gnu/h-x86_64-mingw32/bin/../lib/gcc/nios2-elf/5.3.0/mno-hw-mul\libgcc.a(lib2-mul.o)

.debug_macinfo
 *(.debug_macinfo)

.debug_weaknames
 *(.debug_weaknames)

.debug_funcnames
 *(.debug_funcnames)

.debug_typenames
 *(.debug_typenames)

.debug_varnames
 *(.debug_varnames)

.debug_alt_sim_info
                0x0000000000000000       0x40
 *(.debug_alt_sim_info)
 .debug_alt_sim_info
                0x0000000000000000       0x10 ../lcd_controller_bsp//obj/HAL/src/crt0.o
 .debug_alt_sim_info
                0x0000000000000010       0x30 ../lcd_controller_bsp/\libhal_bsp.a(alt_busy_sleep.o)
                0x0000000000019ca0                __alt_data_end = 0x19ca0
                0x0000000000019ca0                PROVIDE (__alt_stack_pointer, __alt_data_end)
                [!provide]                        PROVIDE (__alt_stack_limit, __alt_stack_base)
                [!provide]                        PROVIDE (__alt_heap_start, end)
                [!provide]                        PROVIDE (__alt_heap_limit, 0x19ca0)
OUTPUT(lcd_controller.elf elf32-littlenios2)

.debug_ranges   0x0000000000000000       0xf8
 .debug_ranges  0x0000000000000000       0x20 ../lcd_controller_bsp//obj/HAL/src/crt0.o
 .debug_ranges  0x0000000000000020       0x30 obj/default/hello_world_small.o
 .debug_ranges  0x0000000000000050       0x48 ../lcd_controller_bsp/\libhal_bsp.a(alt_load.o)
 .debug_ranges  0x0000000000000098       0x60 c:/intelfpga_lite/18.1/nios2eds/bin/gnu/h-x86_64-mingw32/bin/../lib/gcc/nios2-elf/5.3.0/mno-hw-mul\libgcc.a(lib2-divmod.o)
